This is pdfTeX, Version 3.141592653-2.6-1.40.26 (TeX Live 2024) (preloaded format=latex 2024.6.2)  21 SEP 2026 02:20
entering extended mode
 restricted \write18 enabled.
 %&-line parsing enabled.
**acmart.ins
(./acmart.ins
LaTeX2e <2023-11-01> patch level 1
L3 programming layer <2024-05-08>
(c:/texlive/2024/texmf-dist/tex/latex/base/docstrip.tex
\blockLevel=\count189
\emptyLines=\count190
\processedLines=\count191
\commentsRemoved=\count192
\commentsPassed=\count193
\codeLinesPassed=\count194
\TotalprocessedLines=\count195
\TotalcommentsRemoved=\count196
\TotalcommentsPassed=\count197
\TotalcodeLinesPassed=\count198
\NumberOfFiles=\count199
\inFile=\read2
\inputcheck=\read3
\off@0=\count266
\off@1=\count267
\off@2=\count268
\off@3=\count269
\off@4=\count270
\off@5=\count271
\off@6=\count272
\off@7=\count273
\off@8=\count274
\off@9=\count275
\off@10=\count276
\off@11=\count277
\off@12=\count278
\off@13=\count279
\off@14=\count280
\off@15=\count281
\@maxfiles=\count282
\@maxoutfiles=\count283

Utility: `docstrip' v2.6b <2022-09-03>
English documentation    <2023-10-10>

**********************************************************
* This program converts documented macro-files into fast *
* loadable files by stripping off (nearly) all comments! *
**********************************************************

********************************************************
* No Configuration file found, using default settings. *
********************************************************

(./acmart.ins

Generating file(s) ./acmart.cls 
\openout0 = `./acmart.cls'.


Processing file acmart.dtx (class) -> acmart.cls
% % % % % % % % % % % % % % % % % % % % % % % % % . % % % % % % % % % % % % %
% % % % % % % % % % % % % % % % % % % % % % % % % % % % % % % % % % % % % % %
% % % % % % % % % % % % % % % % % % % % % % % % % % % % % % % % % % % % % % %
% % % % % % % % % % % % % % % % % % % % % % % % % % % % % % % % % % % % % % %
% % % % % % % % % % % % % % % % % % % % % % % % % % % % % % % % % % % % % % %
% % % % % % % % % % % % % % % % % % % % % % % % % % % % % % % % % % % % % % %
% % % % % % % % % % % % % % % % % % % % % % % % % % % % % % % % % % % % % % %
% % % % % % % % % % % % % % % % % % % % % % % % % % % % % % % % % % % % % % %
% % % % % % % % % % % % % % % % % % % % % % % % % % % % % % % % % % % % % % %
% % % % % % % % % % % % % % % % % % % % % % % % % % % % % % % % % % % % % % %
% % % % % % % % % % % % % % % % % % % % % % % % % % % % % % % % % % % % % % %
% % % % % % % % % % % % % % % % % % % % % % % % % % % % % % % % % % % % % % %
% % % % % % % % % % % % % % % % % % % % % % % % % % % % % % % % % % % % % % %
% % % % % % % % % % % % % % % % % % % % % % % % % % % % % % % % % % % % % % %
% % % % % % % % % % % % % % % % % % % % % % % % % % % % % % % % % % % % % % %
% % % % % % % % % % % % % % % % % % % % % % % % % % % % % % % % % % % % % % %
% % % % % % % % % % % % % % % % % % % % % % % % % % % % % % % % % % % % % % %
% % % % % % % % % % % % % % % % % % % % % % % % % % % % % % % % % % % % % % %
% % % % % % % % % % % % % % % % % % % % % % % % % % % % % % % % % % % % % % %
% % % % % % % % % % % % % % % % % % % % % % % % % % % % % % % % % % % % % % %
% % % % % % % % % % % % % % % % % % % % % % % % % % % % % % % % % % % % % % %
% % % % % % % % % % % % % % % % % % % % % % % % % % % % % % % % % % % % % % %
% % % % % % % % % % % % % % % % % % % % % % % % % % % % % % % % % % % % % % %
% % % % % % % % % % % % % % % % % % % % % % % % % % % % % % % % % % % % % % %
% % % % % % % % % % % % % % % % % % % % % % % % % % % % % % % % % % % % % % %
% % % % % % % % % % % % % % % % % % % % % % % % % % % % % % % % % % % % % % %
% % % % % % % % % % % % % % % % % % % % % % % % % % % % % % % % % % % % % % %
% % % % % % % % % % % % % % % % % % % % % % % % % % % % % % % % % % % % % % %
% % % % % % % % % % % % % % % % % % % % % % % % % % % % % % % % % % % % % % %
% % % % % % % % % % % % % % % % % % % % % % % % % % % % % % % % % % % % % % %
% % % % % % % % % % % % % % % % % % % % % % % % % % % % % % % % % % % % % % %
% % % % % % % % % % % % % % % % % % % % % % % % % % % % % % % % % % % % % % %
% % % % % % % % % % % % % % % % % % % % % % % % % % % % % % % % % % % % % % %
% % % % % % % % % % % % % % % % % % % % % % % % % % % % % % % % % % % % % % %
% % % % % % % % % % % % % % % % % % % % % % % % % % % % % % % % % % % % % % %
% % % % % % % % % % % % % % % % % % % % % % % % % % % % % % % % % % % % % % %
% % % % % % % % % % % % % % % % % % % % % % % % % % % % % % % % % % % % % % %
% % % % % % % % % % % % % % % % % % % % % % % % % % % % % % % % % % % % % % %
% % % % % % % % % % % % % % % % % % % % % % % % % % % % % % % % % % % % % % %
% % % % % % % % % % % % % % % % % % % % % % % % % % % % % % % % % % % % % % %
% % % % % % % % % % % % % % % % % % % % % % % % % % % % % % % % % % % % % % %
% % % % % % % % % % % % % % % % % % % % % % % % % % % % % % % % % % % % % % %
% % % % % % % % % % % % % % % % % % % % % % % % % % % % % % % % % % % % % % %
% % % % % % % % % % % % % % % % % % % % % % % % % % % % % % % % % % % % % % %
% % % % % % % % % % % % % % % % % % % % % % % % % % % % % % % . % % % % % % %
% % % % % % % % % % % % % % % % % % % % % % % % % % % % % % % % % % % % % % %
% % % % % % % % % % % % % % % % % % % % % % % % % % % % % % % % % % % % % % %
% % % % % % % % % % % % % % % % % % % % % % % % % % % % % % % % % % % % % % %
% % % % % % % % % % % % % % % % % % % % % % % % % % % % % % % % % % % % % % %
% % % % % % % % % % % % % % % % % % % % % % % % % % % % % % % % % % % % % % %
% % % % % % % % % % % % % % % % % % % % % % % % % % % % % % % % % % % % % % .
% % % % % % % % % % % % % % % % % % % % % % % % % % % % % % % % % % % % % % %
% % % % % % % % % % % % % % % % % % % % % % % % % % % % % % % % % % % % % % %
% % % % % % % % % % % % % % % % % % % % % % % % % % % % % % % % % % % % % % %
% % % % % % % % % % % % % % % % % % % % % % % % % % % % % % % % % % % % % % %
% % % % % % % % % % % % % % % % % % % % % % % % % % % % % % % % % % % % % % %
% % % % % % % % % % % % % % % % % % % % % % % % % % % % % % % % % % % % % % %
% % % % % % % % % % % % % % % % % % % % % % % % % % % % % % % % % % % % % % %
% % % % % % % % % % % % % % % % % % % % % % % % % % % % % % % % % % % % % % %
% % % % % % % % % % % % % % % % % % % % % % % % % % % % % % % % % % % % % % %
% % % % % % % % % % % % % % % % % % % % % % % % % % % % % % % % % % % % % % %
% % % % % % % % % % % % % % % % % % % % % % % % % % % <class . > <*gobble . >
<class&!tagged . > <tagged . > . % % % % % % % % % % % % % % % % % % % % % % %
% % % % % % % % % % % % % % % % % % % % % % % % % % % % % % % % % % % % % % %
% % % % % % % % % % % % % % % % % % % % % % % % % % % % % % % % % % % % % % %
% % % % % % % % % % % % % % % % % % % % % % % % % % % % % <*gobble . . . . . .
. . . . . . . . > <*class . % % % % % % % % % . . . . % % % % % % % % % % % %
. . . % % % % % % % % . % % % % . % % % % . % % % % % % % % % . . . . . . . .
. . . . . . . . . . . % % % % % % % . . . . . . . . % % % % % % % . . . . . .
. . % % % % % % % % . . . . . . . . % % % % % % % % % . . . . . . . . . % % %
% % % % % . . . . . . . . % % % % % % % % % . . . . . . . . . . . . % % % % %
% % % . . . . % % % % % % % % % . . . . % % % % % % % % % % % % % % . . . . .
. . . % % % % % % % % . . . . . . . . % % % % % % % % % . . . . . . . . % % %
% % % % % % % . . . . . . . . . . % % % % % % % % % . . . . . . % % % % % % %
% % % . . . . . % % % % % % % % % . . . . % % % % % % % % % % . % % % % % % %
. % % % % % % % % % % % . % % % % % % % % % . % % % % % % % % % . % % % % % %
% % . . % % % % % % % % . . % % % % % % % % . . . . . . . . . . . . . . . . .
. . . . . . . . . . . . . . . . . . . . . . . . . . . . . . . . . . . . . . .
. . . . . . . . . . % % % % % % % % % % % % % % % % % % % % . % % % % % % . %
% % % % % . % % % % % % . % % % % % % % . . . . . . . . . . . . . . . . . . .
. . . . . . . . . . % % % % % . % % % % . % % % % % % . . % % % % % . % % % %
. . . . % % % % % % % % % % % % % . . . . % % % % % % % . . % % % % % % % % %
% % % . . . . . . . . . . . . . . . . . . . . . . . . . . . . . . . . . . . .
. . . . . . . . . . . . . . . . . . . . . . . . . . . . . . . . . . . . . . .
. . . . . % % % % % % % % % . . . . . . % % % % % % % % % % . . . . . % % % %
% % % . . . % % % % % % % % % % . . . . . . . . . . . . . . . . . . . . . . .
. . . . . . . . . . . . . . . . . . . . . . . . % % % % % % . . . . . . . . .
. . . . % % % % % % . % % % % % % % . . % % % % % % % . % % % % % % % . . % %
% % % % % . % % % % % % % . . % % % % % % % % . % % % % % % % % . . % % % % %
% % % . . . . . % % % % % % % % % % % % % % % % % % . . . . . . . . % % % % %
% % % % % . . . . . . . . . . . . . % % % % % % % % . % % % % % % % . % % % %
% % % % . % % % % % % % % % . % % % % % % % . . . . . . . . . . . . % % % % %
% % % . . . . . . . . . . . . % % % % % % % % % . % % % % % % % % % % % % % %
% % % % % % % % % % % % % % . . . . . . . . . . . . . . . . . . . . . . . . .
. . . . . . . . . . . . . . . . . % % % % % % % % % . . . . . . . . . . . . .
. . . . . % % % % % % % % % . . . . . . . % % % % % % % % % % % % % . . % % %
% . . . . . . . . % % % % % . . . . . . . . . . . . . . . . . . . % % % % % %
% % % % % % % % . . . . . . . . . . . . . . . . . . . . . . . . . . . . . . .
. . . . . . . . . . . . . . . . . . . . . . . . . . . . . . . . . . . . . . .
. . . . . . . . % % % % % % % % . . . . . . . . . . . . . . . . % % % % % % %
% % % % % % % . % % % % % % % % % % % % % % % % % . . % % % % . . . . . % % %
% % % % . . % % % % % % % . . . . . . . . . . . . % % % % % % % % % % . . % %
% % % % % . . . . . . . . . . . . . . . . . . . . % % % % % % % % % % % % % %
% . . . . . . . . . . . . % % % % % % % . . . . . . . . . . . % % % % % % % %
% % % % % % % % % % % % % . . . . . . . . . . . . . . . . . . . . . . . . % %
% % % % % . . . % % % % % % % . . . % % % % . % % % % % % % % % . . % % % % %
% % . . % % % % % % % . % % % % % % % . . . . . . . . . . . . . . . . . . . .
% % % % % % % % % % % . . . . . . . . . . . . . . . . . . . . . . . . . . . .
. . . . . . . . . % % % % % % % % % % % . . . . . . . . . . . . . . . . . . .
. . . . . . . . . . . . . . . % % % % % % % . . . . . . . . . . . . . . . . .
. . . . . . . % % % % % . . . % % % % % . . . % % % % % % % % . . . % % % % %
% % . % % % % % % % % % % . . . . . . . . . . % % % % % % % . % % % % % % % %
% . . . % % % % % % % % % % . . % % % % % % % % % % . . . . . . . % % % % % %
% . . . . % % % % % % % % . . . . . . . . . . % % % % % % % % % . . . . . . .
. . . . . . . . . . % % % % % % % % % % % % . . . . . . . . . . . . . . . . .
. . . . . . . . . . . . . . . . . . . . . . . % % % % % % % % . % % % % % % %
% % % % . . . . . . . % % % % % % % % % % % % % . . % % % % % % % % % % % % %
% % % % % % % % % % % % % % % % % % % % % % % . . . . . . . . . . . . . . . .
. . . . . . . . . . . . . . . . . . . . . . . . . . . . . . . . . . . . . . .
. . . . . . . . . . . . . . . . . . . . . . . . . . . . . . . . . . . . . . .
. . . . . . . . . . . . . . . . . . . . . . . . . . . . . . . . . . . . . . .
. . . . . . . . . . . . . . . . . . . . . . . . . . . . . . . . . . . . . . .
. . . . . . . . . . . . . . . . . . . . . . . . . . . . . . . . . . . . . . .
. . . . . . . . . . . . . . . . . . . . . . . . . . . . . . . . . . . . . . .
. . . . . . . . . . . . . . . . . . . . . . . . . . . . . . . . . . . . . . .
. . . . . . . . . . . . . . . . . . . . . . . . . . . . . . . . . . . . . . .
. . . . . . . . . . . . . . . . . . . . . . . . . . . . . . . . . . . . . . .
. . . . . . . . . . . . . . . . . . . . . . . . . . . . . . . . . . . . . . .
. . . . . . . . . . . . . . . . . . . . . . . . . . . . . . . . . . . . . . .
. . . . . . . . . . . . . . . . . . . . . . . . . . . . . . . . . % % % % % .
. . % % % % % % % . . . . . % % % % % % % % % % % % % % % % % % % % % % . . .
. . . . . . . . . . . . . . . . . . . . % % % % % % % % % % % % . . % % % % %
% % % % . % % % % % % % % . % % % % % % % % . . . . . . % % % % % % % . . % %
% % % % % % % % . . % % % % % % % % . . % % % % % % % % % % % . . % % % % % %
% % % % % % % % % % % % % % . . . . . . . . . . . . . . . . . . . . . . . . .
. . . . . . . . . . . . . . . . . . . . . . . . . % % % % % % % % % % % . . .
. . % % % % % % % % % . . % % % % % % % % % % . % % % % % % % % . . . . . . .
. . % % % % % % % % % . . . . . . % % % % % % % % % % . . . . . . . . . % % %
% % % % % . . % % % % % % % % % . . . . % % % % % % % . % % % % % % % . . . .
. . . . % % % % % % % . % % % % % % % . . . . . . . . . % % % % % % % . % % %
% % % % % . . . . . . % % % % % % % % . . . . % % % % % % % . . % % % % % % %
. . . . . . . . % % % % % % % % . . % % % % % % % % . . % % % % % % % % % . .
% % % % % % % % % . . % % % % % % % % % % . . % % % % % % % % % % . . % % % %
% % % % . . . . % % % % % % % % % . . % % % % % % % % . . % % % % % % % % % .
. % % % % % % % % . . % % % % % % % % % % % % % . . % % % % % % % % % . % % %
% % % % % % % . . % % % % % % % . % % % % % % . % % % % % % % % . . . . . . .
. . . . . . % % % % % % % % % . . . . . . . . . . . . . % % % % % % % % . % %
% % % % . . % % % % % % % % % . . % % % % % % % % . . % % % % . . . . . % % %
% % % % % % . % % % % % % % . . . . . % % % % % % % . % % % % % % % % . . . .
. . % % % % % % % . . . . . . % % % % . . . . . . . . % % % % % % % % . . . .
. . % % % % % % % . . . . % % % % % % % . % % % % % % % % % . . . . . . . . .
. . % % % % % . % % % % % % % . . . . . . . . . . . . . . . . . . % % % % % %
% % . . . . . . . . . . . . . . . . . . . . . . % % % % % % % . . . . . . % %
% % % % % % % . . . . . . . % % % % % % % % . . % % % % % % % % . % % % % % %
% % % % % . . % % % % % . . % % % % % % % % % . . % % % % % % % % % % % % % %
% % . . . . . . . . . . . . . . . . . . . . . . % % % % . . . . . % % % % % %
% . % % % % % % % % % % % % . . % % % % % % % . . % % % % % % % . . % % % % %
% % % % % % % % % % . . . . . . . . . . . . . . . . . . . . . . . . . . . . .
. . . . . . . . . . . . . . . . . . . . . . . % % % % % . . % % % % % % % % .
. . . % % % % % % % % % % % % % . . . . . . . . . . . . . . . . . . . . . . .
. . . . . . . . . . . . . . . % % % % % % % % % . % % % % % % % % % % % % % %
% % % % % % % % % % . . . . . . . . . . . . . . . . . . . . . . . . . . . . .
. . . . . . . . . . . . . . . . . . . . . . . . . . . . . . . . . . . . . . .
. . . . . . . . . . . . . . . . . . . . . . . . . . . . . . . . . . . . . . .
. . . . . . . . . . . . . . . . . . . . . . . . . . . . . . . . . . . . . . %
% % % % % % % % . . % % % % % % % . % % % % % % % . % % % % % % % . % % % % %
% % . . . . . . . % % % % % % % % % . . . . . . % % % % % % % % % % % % % % %
% . . . % % % % % % % . % % % % % % % % % % % . % % % % % % % % . . . % % % %
% % % % % % % % % . % % % % % % % % % % % % % % % % % % % % % % % % % % % % %
% % % % % % % % % % % % % % % % % % % % % % % % % % % % . . . . . . . . . . .
. . . . . . . . . . . . . . . . . . . . . . . . . . . . . . . . . . . . . . .
. . . . . . . . . . . . . . . . . . . . . . . . . . . . . . . . . . . . . . .
. . . . . . . . . . . . . . . . . . . . . . . . . . . . . . . . . . . . . . .
. . . . . . . . . . . . . . . . . . . . . . . . . . % % % % % % % % % % . . .
. . . . . . . . . . . . . . . . . . . . . . . . . . . . . . . % % % % % % % %
% % % % % % % . . . . . . . . . . . . . . . . . . . . . . . . . . . . . . % %
% % % % % % % % % % % % % % % % . . . . . . . . . . . . . . . . . . . . . . .
. . . . . . . . . . . . . . . . . . . . . . % % % % % % % % . . . . . . . . .
. . . . . . . . . . . . . . . . . % % % % % % % % % % % . . . . . . . . . . .
. . . . . . . . . . . . . . % % % % % % % % % % . . . . . . . . . . . . . . .
. . . . . . . . . . % % % % % % % % % % % % % % % . . . . . . . . . . . . . %
% % % % % % % % % % % % % % % % % % . . . . . . . . . . % % % % % % % % % % %
. . . . . . . . % % % % % % % % % . . . . . . . % % % % % % % % % % % % % % %
% % % % % % % % % % % % % % % % % % % % % % % % % % % % % % % % % . . . . . .
. . . . . . . . . . . . . . . . . . . . . % % % % % % % % % % % % % % % % % .
. . . . . . . . . . . . . . . . . . . . . . . . . . . % % % % % % % % . % % %
% % % % . % % % % % % . . . . . . . . . . . . . . . . . . . . . . . . . . . .
. . . % % % % % % % . . . . . . . . % % % % % % % % . . % % % % % % % % % . .
% % % % % % % . . % % % % % % % % % . . . . . % % % % % % % % % . . . . . . .
. . . . . % % % % % % % % % % % % % % % % % % % % . . . . . . . . . . . . . .
. . . . . . . . . . . . . . . . . . . . . % % % % % % % % % % % % % % . % % %
% % % % . % % % % % % % . . % % % % % % % % % % . . . . . . . . % % % % % % %
% % % % % % % % % . % % % % % % % . . . . . . . . . . . . . . . . . . . % % %
. . . . . . . . . . . . . . . . . . . . . . . . . . . . % % % . . . . . % % %
% % % % % % % % % % % . % % % % % % % . . . . . . . . . . . . . % % % . . . .
. . . . . . . . . . . . . . . . . . . . . % % % % . . . . % % % % % % % % % %
% % % . . . . . . . . . . . . . . . . . . . . . . . % % % % . . . . . % % % %
% % . % % % % % % % % % % % % . . % % % % % % % % % . . % % % % % % % % % . .
. . . . . . . . . . % % % % % % % % % % % % % % % . . . . . . . . . . % % % %
% % % % . . . . . . . % % % % % % % % % % % % % % % % % % . . . . . . . . . .
. . . . . . . . . . . . . . . . . . . . . . . . . % % % % % % % % % % . . . .
. . . % % % % % % % . % % % % % % % . % % % % % % % % . . . % % % % % % % % %
% . % % % % % % % . . . . . . . . % % % % % % % % % % % % % % % % % . . . . .
. . . . . . . . . . . % % % % % % % % % . . . . . . . % % % % % % % % % % % %
. . . . . . . . . . . . . . . . . . . . . . . . . . . . . . % % % % % % % % %
% % . . . . . . . . . . . . . . . . . % % % % % % % % % . . . . . % % % % % %
% % % % . % % % % % % % % % % % % % % % % % % % % % % % % % % % % % . . . . .
. . . . . . . . . . . . . . . . . . . . . . . . . . . . . . . . . . . . . . .
. . . . . . . . . . . . . . . . . . . . . . . . . . . . . . . . . . . . . . .
. . . . . . . . . . . . . . . . . . . . . . . . . . . . . . . . . . . . . . .
. . . . . . . . % % % % % % % % % % % % % % % % % % % % % % % % % % % % % % %
% % % % % % % % % % % % % . . . . . . . . . . . . . . . . . . . . . . . . . .
. . . . . . . . . . . . . . . . . . . . . . . . . . . . . . . . . . . . . . .
. . . . . . . . . . . . . . . . . . % % % % % % % % % % % % % % % % % % % % %
% % % % % % % % % % % % % % % % % . . . . . . . . . . . . . . . . . . % % % %
% % . . . . . . . . . . . % % % % % % . % % % % % % % % % % . . . . . . . . .
. . . . . . . . . . . . . . . . . . . . . % % % % % % % . . . . % % % % % % %
% % % % % % % % % % % . . . . . . . . . . . . . . . . . . . . . . . . . . . .
. . . . . . . . . . . % % % % % % % % % % % % . . . . . . . . . . . . . . % %
% % % . % % % % % % % . % % % % % % . . . % % % % % % % % % % % % % . % % % %
% % % % % % % . % % % % % % % . % % % % % % % . % % % % % % % . % % % % % % .
. . . . . . . . . . . . . . . . % % % % % . . . . . . . . . . . % % % % % % %
% . % % % % % % % . % % % % % % % . % % % % % % % . % % % % % % . . . . . . .
. . . . . . . . . . % % % % % . . . . . . . . . . . % % % % % % . % % % % % %
% % % % % % % . . . . . . . . . . . . . . . . . . . . . . . . . . . . % % % %
% % . % % % % % % % . % % % % % % . . . . . . . . . . . . . . . % % % % % . .
. . . . . . . % % % % % % % % % % % % % . . . . . . . . . . . . . . . . . . .
. . . . . . . . . . . . . . . . . . . . . . . . . . . . . . . . . . . . % % %
% % % % % % . % % % % % % % % % % . . . . . . . % % % % % % % % % . % % % % %
% % % . . % % % % % % % % % . . . . . . . . . . . . . . % % % % % % % % % % %
% % . . . . . . . . . . . . . . % % % % % % % % % % % % % . . . . . . . . % %
% % % % % % % % % % % % . . . . . . . . . . % % % % % % % % % % . . . . . % %
% % % % % % . . . . . % % % % % % % % . . . . . % % % % % % % % . . . . . % %
% % % % % % . . . . . % % % % % % . > % % % % % % % % %
File acmart.dtx ended by \endinput.
Lines  processed: 9104
Comments removed: 5489
Comments  passed: 16
Codelines passed: 3590

*****************************************************
* Congratulations!  You successfully  generated the *
* acmart package.                                   *
*                                                   *
* Please move the file acmart.cls to where LaTeX    *
* files are stored in  your system.  The manual is  *
* acmart.pdf.                                       *
*                                                   *
* The package is released under LPPL                *
*                                                   *
* Happy TeXing!                                     *
*****************************************************
) ) ) 
Here is how much of TeX's memory you used:
 332 strings out of 473993
 3488 string characters out of 5745075
 1925904 words of memory out of 5000000
 22908 multiletter control sequences out of 15000+600000
 558069 words of font info for 36 fonts, out of 8000000 for 9000
 1141 hyphenation exceptions out of 8191
 17i,0n,15p,157b,121s stack positions out of 10000i,1000n,20000p,200000b,200000s

No pages of output.
